// Jest Snapshot v1, https://goo.gl/fbAQLP

exports[`Pruebas en el componentes GifItem Debe de hacer match con el snapshot 1`] = `
<div>
  <div
    class="card"
  >
    <img
      alt="Titulo de ejemplo"
      src="https://www.example.com/"
    />
    <p>
      Titulo de ejemplo
    </p>
  </div>
</div>
`;
