// Jest Snapshot v1, https://goo.gl/fbAQLP

exports[`Pruebas en el componente <FirstApp/> Debe de hacer match con el snapshot  1`] = `
<div>
  <h1>
    Hola, soy Antonio
  </h1>
  <p>
     No hay subtitutlo
  </p>
  <p>
     Antonio z
  </p>
</div>
`;
